⚠ The "middleware" file convention is deprecated. Please use "proxy" instead.

  To migrate automatically, run:
  npx @next/codemod@canary middleware-to-proxy .

  Learn more: https://nextjs.org/docs/messages/middleware-to-proxy
⨯ Error: Your project's URL and Key are required to create a Supabase client!

Check your Supabase project's API settings to find these values

https://supabase.com/dashboard/project/_/settings/api
    at <unknown> (https://supabase.com/dashboard/project/_/settings/api)
    at <unknown> (https://supabase.com/dashboard/project/_/settings/api)
    at middleware (middleware.ts:9:38)
   7 |   })
   8 |
>  9 |   const supabase = createServerClient(
     |                                      ^
  10 |     process.env.NEXT_PUBLIC_SUPABASE_URL!,
  11 |     process.env.NEXT_PUBLIC_SUPABASE_ANON_KEY!,
  12 |     {
⨯ Error: Your project's URL and Key are required to create a Supabase client!

Check your Supabase project's API settings to find these values

https://supabase.com/dashboard/project/_/settings/api
    at <unknown> (https://supabase.com/dashboard/project/_/settings/api)
    at <unknown> (https://supabase.com/dashboard/project/_/settings/api)
    at middleware (middleware.ts:9:38)
   7 |   })
   8 |
>  9 |   const supabase = createServerClient(
     |                                      ^
  10 |     process.env.NEXT_PUBLIC_SUPABASE_URL!,
  11 |     process.env.NEXT_PUBLIC_SUPABASE_ANON_KEY!,
  12 |     {
⨯ Error: Your project's URL and Key are required to create a Supabase client!

Check your Supabase project's API settings to find these values

https://supabase.com/dashboard/project/_/settings/api
    at <unknown> (https://supabase.com/dashboard/project/_/settings/api)
    at <unknown> (https://supabase.com/dashboard/project/_/settings/api)
    at middleware (middleware.ts:9:38)
   7 |   })
   8 |
>  9 |   const supabase = createServerClient(
     |                                      ^
  10 |     process.env.NEXT_PUBLIC_SUPABASE_URL!,
  11 |     process.env.NEXT_PUBLIC_SUPABASE_ANON_KEY!,
  12 |     {
⨯ Error: Your project's URL and Key are required to create a Supabase client!

Check your Supabase project's API settings to find these values

https://supabase.com/dashboard/project/_/settings/api
    at <unknown> (https://supabase.com/dashboard/project/_/settings/api)
    at <unknown> (https://supabase.com/dashboard/project/_/settings/api)
    at middleware (middleware.ts:9:38)
   7 |   })
   8 |
>  9 |   const supabase = createServerClient(
     |                                      ^
  10 |     process.env.NEXT_PUBLIC_SUPABASE_URL!,
  11 |     process.env.NEXT_PUBLIC_SUPABASE_ANON_KEY!,
  12 |     {
⨯ Error: Your project's URL and Key are required to create a Supabase client!

Check your Supabase project's API settings to find these values

https://supabase.com/dashboard/project/_/settings/api
    at <unknown> (https://supabase.com/dashboard/project/_/settings/api)
    at <unknown> (https://supabase.com/dashboard/project/_/settings/api)
    at middleware (middleware.ts:9:38)
   7 |   })
   8 |
>  9 |   const supabase = createServerClient(
     |                                      ^
  10 |     process.env.NEXT_PUBLIC_SUPABASE_URL!,
  11 |     process.env.NEXT_PUBLIC_SUPABASE_ANON_KEY!,
  12 |     {
⨯ Error: Your project's URL and Key are required to create a Supabase client!

Check your Supabase project's API settings to find these values

https://supabase.com/dashboard/project/_/settings/api
    at <unknown> (https://supabase.com/dashboard/project/_/settings/api)
    at <unknown> (https://supabase.com/dashboard/project/_/settings/api)
    at middleware (middleware.ts:9:38)
   7 |   })
   8 |
>  9 |   const supabase = createServerClient(
     |                                      ^
  10 |     process.env.NEXT_PUBLIC_SUPABASE_URL!,
  11 |     process.env.NEXT_PUBLIC_SUPABASE_ANON_KEY!,
  12 |     {
⨯ Error: Your project's URL and Key are required to create a Supabase client!

Check your Supabase project's API settings to find these values

https://supabase.com/dashboard/project/_/settings/api
    at <unknown> (https://supabase.com/dashboard/project/_/settings/api)
    at <unknown> (https://supabase.com/dashboard/project/_/settings/api)
    at middleware (middleware.ts:9:38)
   7 |   })
   8 |
>  9 |   const supabase = createServerClient(
     |                                      ^
  10 |     process.env.NEXT_PUBLIC_SUPABASE_URL!,
  11 |     process.env.NEXT_PUBLIC_SUPABASE_ANON_KEY!,
  12 |     {
⨯ Error: Your project's URL and Key are required to create a Supabase client!

Check your Supabase project's API settings to find these values

https://supabase.com/dashboard/project/_/settings/api
    at <unknown> (https://supabase.com/dashboard/project/_/settings/api)
    at <unknown> (https://supabase.com/dashboard/project/_/settings/api)
    at middleware (middleware.ts:9:38)
   7 |   })
   8 |
>  9 |   const supabase = createServerClient(
     |                                      ^
  10 |     process.env.NEXT_PUBLIC_SUPABASE_URL!,
  11 |     process.env.NEXT_PUBLIC_SUPABASE_ANON_KEY!,
  12 |     {
⨯ Error: Your project's URL and Key are required to create a Supabase client!

Check your Supabase project's API settings to find these values

https://supabase.com/dashboard/project/_/settings/api
    at <unknown> (https://supabase.com/dashboard/project/_/settings/api)
    at <unknown> (https://supabase.com/dashboard/project/_/settings/api)
    at middleware (middleware.ts:9:38)
   7 |   })
   8 |
>  9 |   const supabase = createServerClient(
     |                                      ^
  10 |     process.env.NEXT_PUBLIC_SUPABASE_URL!,
  11 |     process.env.NEXT_PUBLIC_SUPABASE_ANON_KEY!,
  12 |     {
⨯ Error: Your project's URL and Key are required to create a Supabase client!

Check your Supabase project's API settings to find these values

https://supabase.com/dashboard/project/_/settings/api
    at <unknown> (https://supabase.com/dashboard/project/_/settings/api)
    at <unknown> (https://supabase.com/dashboard/project/_/settings/api)
    at middleware (middleware.ts:9:38)
   7 |   })
   8 |
>  9 |   const supabase = createServerClient(
     |                                      ^
  10 |     process.env.NEXT_PUBLIC_SUPABASE_URL!,
  11 |     process.env.NEXT_PUBLIC_SUPABASE_ANON_KEY!,
  12 |     {
⨯ Error: Your project's URL and Key are required to create a Supabase client!

Check your Supabase project's API settings to find these values

https://supabase.com/dashboard/project/_/settings/api
    at <unknown> (https://supabase.com/dashboard/project/_/settings/api)
    at <unknown> (https://supabase.com/dashboard/project/_/settings/api)
    at middleware (middleware.ts:9:38)
   7 |   })
   8 |
>  9 |   const supabase = createServerClient(
     |                                      ^
  10 |     process.env.NEXT_PUBLIC_SUPABASE_URL!,
  11 |     process.env.NEXT_PUBLIC_SUPABASE_ANON_KEY!,
  12 |     {
⨯ Error: Your project's URL and Key are required to create a Supabase client!

Check your Supabase project's API settings to find these values

https://supabase.com/dashboard/project/_/settings/api
    at <unknown> (https://supabase.com/dashboard/project/_/settings/api)
    at <unknown> (https://supabase.com/dashboard/project/_/settings/api)
    at middleware (middleware.ts:9:38)
   7 |   })
   8 |
>  9 |   const supabase = createServerClient(
     |                                      ^
  10 |     process.env.NEXT_PUBLIC_SUPABASE_URL!,
  11 |     process.env.NEXT_PUBLIC_SUPABASE_ANON_KEY!,
  12 |     {
⨯ Error: Your project's URL and Key are required to create a Supabase client!

Check your Supabase project's API settings to find these values

https://supabase.com/dashboard/project/_/settings/api
    at <unknown> (https://supabase.com/dashboard/project/_/settings/api)
    at <unknown> (https://supabase.com/dashboard/project/_/settings/api)
    at middleware (middleware.ts:9:38)
   7 |   })
   8 |
>  9 |   const supabase = createServerClient(
     |                                      ^
  10 |     process.env.NEXT_PUBLIC_SUPABASE_URL!,
  11 |     process.env.NEXT_PUBLIC_SUPABASE_ANON_KEY!,
  12 |     {
⨯ Error: Your project's URL and Key are required to create a Supabase client!

Check your Supabase project's API settings to find these values

https://supabase.com/dashboard/project/_/settings/api
    at <unknown> (https://supabase.com/dashboard/project/_/settings/api)
    at <unknown> (https://supabase.com/dashboard/project/_/settings/api)
    at middleware (middleware.ts:9:38)
   7 |   })
   8 |
>  9 |   const supabase = createServerClient(
     |                                      ^
  10 |     process.env.NEXT_PUBLIC_SUPABASE_URL!,
  11 |     process.env.NEXT_PUBLIC_SUPABASE_ANON_KEY!,
  12 |     {
⨯ Error: Your project's URL and Key are required to create a Supabase client!

Check your Supabase project's API settings to find these values

https://supabase.com/dashboard/project/_/settings/api
    at <unknown> (https://supabase.com/dashboard/project/_/settings/api)
    at <unknown> (https://supabase.com/dashboard/project/_/settings/api)
    at middleware (middleware.ts:9:38)
   7 |   })
   8 |
>  9 |   const supabase = createServerClient(
     |                                      ^
  10 |     process.env.NEXT_PUBLIC_SUPABASE_URL!,
  11 |     process.env.NEXT_PUBLIC_SUPABASE_ANON_KEY!,
  12 |     {
⨯ Error: Your project's URL and Key are required to create a Supabase client!

Check your Supabase project's API settings to find these values

https://supabase.com/dashboard/project/_/settings/api
    at <unknown> (https://supabase.com/dashboard/project/_/settings/api)
    at <unknown> (https://supabase.com/dashboard/project/_/settings/api)
    at middleware (middleware.ts:9:38)
   7 |   })
   8 |
>  9 |   const supabase = createServerClient(
     |                                      ^
  10 |     process.env.NEXT_PUBLIC_SUPABASE_URL!,
  11 |     process.env.NEXT_PUBLIC_SUPABASE_ANON_KEY!,
  12 |     {
⨯ Error: Your project's URL and Key are required to create a Supabase client!

Check your Supabase project's API settings to find these values

https://supabase.com/dashboard/project/_/settings/api
    at <unknown> (https://supabase.com/dashboard/project/_/settings/api)
    at <unknown> (https://supabase.com/dashboard/project/_/settings/api)
    at middleware (middleware.ts:9:38)
   7 |   })
   8 |
>  9 |   const supabase = createServerClient(
     |                                      ^
  10 |     process.env.NEXT_PUBLIC_SUPABASE_URL!,
  11 |     process.env.NEXT_PUBLIC_SUPABASE_ANON_KEY!,
  12 |     {
⨯ Error: Your project's URL and Key are required to create a Supabase client!

Check your Supabase project's API settings to find these values

https://supabase.com/dashboard/project/_/settings/api
    at <unknown> (https://supabase.com/dashboard/project/_/settings/api)
    at <unknown> (https://supabase.com/dashboard/project/_/settings/api)
    at middleware (middleware.ts:9:38)
   7 |   })
   8 |
>  9 |   const supabase = createServerClient(
     |                                      ^
  10 |     process.env.NEXT_PUBLIC_SUPABASE_URL!,
  11 |     process.env.NEXT_PUBLIC_SUPABASE_ANON_KEY!,
  12 |     {
⨯ Error: Your project's URL and Key are required to create a Supabase client!

Check your Supabase project's API settings to find these values

https://supabase.com/dashboard/project/_/settings/api
    at <unknown> (https://supabase.com/dashboard/project/_/settings/api)
    at <unknown> (https://supabase.com/dashboard/project/_/settings/api)
    at middleware (middleware.ts:9:38)
   7 |   })
   8 |
>  9 |   const supabase = createServerClient(
     |                                      ^
  10 |     process.env.NEXT_PUBLIC_SUPABASE_URL!,
  11 |     process.env.NEXT_PUBLIC_SUPABASE_ANON_KEY!,
  12 |     {
⨯ Error: Your project's URL and Key are required to create a Supabase client!

Check your Supabase project's API settings to find these values

https://supabase.com/dashboard/project/_/settings/api
    at <unknown> (https://supabase.com/dashboard/project/_/settings/api)
    at <unknown> (https://supabase.com/dashboard/project/_/settings/api)
    at middleware (middleware.ts:9:38)
   7 |   })
   8 |
>  9 |   const supabase = createServerClient(
     |                                      ^
  10 |     process.env.NEXT_PUBLIC_SUPABASE_URL!,
  11 |     process.env.NEXT_PUBLIC_SUPABASE_ANON_KEY!,
  12 |     {
⨯ Error: Your project's URL and Key are required to create a Supabase client!

Check your Supabase project's API settings to find these values

https://supabase.com/dashboard/project/_/settings/api
    at <unknown> (https://supabase.com/dashboard/project/_/settings/api)
    at <unknown> (https://supabase.com/dashboard/project/_/settings/api)
    at middleware (middleware.ts:9:38)
   7 |   })
   8 |
>  9 |   const supabase = createServerClient(
     |                                      ^
  10 |     process.env.NEXT_PUBLIC_SUPABASE_URL!,
  11 |     process.env.NEXT_PUBLIC_SUPABASE_ANON_KEY!,
  12 |     {
⨯ Error [SyntaxError]: Identifier 'supabaseUrl' has already been declared
    at <unknown> (.next\dev\server\edge\chunks\[root-of-the-server]__1zbig41._.js:42)
⨯ Error [SyntaxError]: Identifier 'supabaseUrl' has already been declared
    at <unknown> (.next\dev\server\edge\chunks\[root-of-the-server]__1zbig41._.js:42)
⨯ Error [SyntaxError]: Identifier 'supabaseUrl' has already been declared
    at <unknown> (.next\dev\server\edge\chunks\[root-of-the-server]__1zbig41._.js:42)
⨯ Error [SyntaxError]: Identifier 'supabaseUrl' has already been declared
    at <unknown> (.next\dev\server\edge\chunks\[root-of-the-server]__1zbig41._.js:42)
[browser] Uncaught Error: ./middleware.ts:18:9
Error: the name `supabaseUrl` is defined multiple times
  16 |   })
  17 |
> 18 |   const supabaseUrl = process.env.NEXT_PUBLIC_SUPABASE_URL || 'https://placeholder.supabas...
     |         ^^^^^^^^^^^
  19 |   const supabaseKey = process.env.NEXT_PUBLIC_SUPABASE_ANON_KEY || 'placeholder'
  20 |
  21 |   const supabase = createServerClient(

Ecmascript file had an error


    at <unknown> (Error: ./middleware.ts:18:9)
    at <unknown> (Error: (./middleware.ts:18:9)
[browser] ./middleware.ts:18:9
Error: the name `supabaseUrl` is defined multiple times
  16 |   })
  17 |
> 18 |   const supabaseUrl = process.env.NEXT_PUBLIC_SUPABASE_URL || 'https://placeholder.supabas...
     |         ^^^^^^^^^^^
  19 |   const supabaseKey = process.env.NEXT_PUBLIC_SUPABASE_ANON_KEY || 'placeholder'
  20 |
  21 |   const supabase = createServerClient(

Ecmascript file had an error 
[browser] ./middleware.ts:18:9
Error: the name `supabaseUrl` is defined multiple times
  16 |   })
  17 |
> 18 |   const supabaseUrl = process.env.NEXT_PUBLIC_SUPABASE_URL || 'https://placeholder.supabas...
     |         ^^^^^^^^^^^
  19 |   const supabaseKey = process.env.NEXT_PUBLIC_SUPABASE_ANON_KEY || 'placeholder'
  20 |
  21 |   const supabase = createServerClient(

Ecmascript file had an error 
[browser] Detected `scroll-behavior: smooth` on the `<html>` element. To disable smooth scrolling during route transitions, add `data-scroll-behavior="smooth"` to your <html> element. Learn more: https://nextjs.org/docs/messages/missing-data-scroll-behavior
[browser] Detected `scroll-behavior: smooth` on the `<html>` element. To disable smooth scrolling during route transitions, add `data-scroll-behavior="smooth"` to your <html> element. Learn more: https://nextjs.org/docs/messages/missing-data-scroll-behavior
[browser] Detected `scroll-behavior: smooth` on the `<html>` element. To disable smooth scrolling during route transitions, add `data-scroll-behavior="smooth"` to your <html> element. Learn more: https://nextjs.org/docs/messages/missing-data-scroll-behavior
[browser] Detected `scroll-behavior: smooth` on the `<html>` element. To disable smooth scrolling during route transitions, add `data-scroll-behavior="smooth"` to your <html> element. Learn more: https://nextjs.org/docs/messages/missing-data-scroll-behavior
[browser] Detected `scroll-behavior: smooth` on the `<html>` element. To disable smooth scrolling during route transitions, add `data-scroll-behavior="smooth"` to your <html> element. Learn more: https://nextjs.org/docs/messages/missing-data-scroll-behavior
[browser] Detected `scroll-behavior: smooth` on the `<html>` element. To disable smooth scrolling during route transitions, add `data-scroll-behavior="smooth"` to your <html> element. Learn more: https://nextjs.org/docs/messages/missing-data-scroll-behavior
[browser] Detected `scroll-behavior: smooth` on the `<html>` element. To disable smooth scrolling during route transitions, add `data-scroll-behavior="smooth"` to your <html> element. Learn more: https://nextjs.org/docs/messages/missing-data-scroll-behavior
